[www.firewatchgame.com/index.html]
[backblue.gif]
[fade.gif]
[index.html]
[www.firewatchgame.com/favicon.ico]
[www.firewatchgame.com/images/badge.png]
[www.firewatchgame.com/images/appicon.png]
[www.firewatchgame.com/css/firewatchlaunch.css]
[www.camposanto.com/css/camponav.css]
[www.firewatchgame.com/css/magnific-popup.css]
[www.firewatchgame.com/fonts/811777/DAC09D58841226C6C.css]
[use.typekit.net/nsv4yzv.js]
[www.firewatchgame.com/images/buyicon_pc.png]
[www.firewatchgame.com/images/buyicon_ps4.png]
[www.firewatchgame.com/images/buyicon_switch.png]
[www.firewatchgame.com/images/buyicon_xbone.png]
[www.firewatchgame.com/media/index.html]
[www.firewatchgame.com/screenshots/firewatch-e3-2.jpg]
[www.firewatchgame.com/about/index.html]
[www.firewatchgame.com/screenshots/thumbs/firewatch_01.jpg]
[www.firewatchgame.com/screenshots/thumbs/firewatch_02.jpg]
[www.firewatchgame.com/screenshots/firewatch-2.jpg]
[www.firewatchgame.com/screenshots/firewatch_150305_06.png]
[www.firewatchgame.com/screenshots/thumbs/firewatch_03.jpg]
[www.firewatchgame.com/screenshots/firewatch-e3-5.jpg]
[www.firewatchgame.com/screenshots/thumbs/firewatch_04.jpg]
[www.firewatchgame.com/fonts/Japanese/NotoSansCJKjp-Bold.otf]
[www.firewatchgame.com/js/jquery-1.12.0.min.js]
[www.firewatchgame.com/js/jquery-migrate-1.2.1.min.js]
[www.firewatchgame.com/js/magnific.js]
[www.firewatchgame.com/js/jquery.mousewheel.min.js]
[www.firewatchgame.com/index.html]
[www.firewatchgame.com/js/firewizard.js]
[www.firewatchgame.com/jp/index.html]
[www.firewatchgame.com/images/keyart-mobile.jpg]
[www.firewatchgame.com/images/parallax/parallax0.png]
[www.firewatchgame.com/images/parallax/parallax1.png]
[www.firewatchgame.com/images/parallax/parallax2.png]
[www.firewatchgame.com/images/parallax/parallax3.png]
[www.firewatchgame.com/images/parallax/parallax4.png]
[www.firewatchgame.com/images/parallax/parallax5.png]
[www.firewatchgame.com/images/parallax/parallax6.png]
[www.firewatchgame.com/images/parallax/parallax7.png]
[www.firewatchgame.com/images/parallax/parallax8.png]
[www.firewatchgame.com/images/parallax/parallax1@2x.png]
[www.firewatchgame.com/images/parallax/parallax0@2x.png]
[www.firewatchgame.com/images/parallax/parallax2@2x.png]
[www.firewatchgame.com/images/parallax/parallax3@2x.png]
[www.firewatchgame.com/images/parallax/parallax4@2x.png]
[www.firewatchgame.com/images/parallax/parallax5@2x.png]
[www.firewatchgame.com/images/parallax/parallax6@2x.png]
[www.firewatchgame.com/images/parallax/parallax7@2x.png]
[www.firewatchgame.com/images/parallax/parallax8@2x.png]
[www.firewatchgame.com/images/firewatch_subpage_mainlogo.png]
[www.firewatchgame.com/images/banner_transparent_left.png]
[www.firewatchgame.com/images/banner_transparent_right.png]
[www.firewatchgame.com/images/banner_arrow_transparent_right.png]
[www.firewatchgame.com/images/banner_outlined_left.png]
[www.firewatchgame.com/images/banner_outlined_right.png]
[www.firewatchgame.com/images/banner_outlined_body.png]
[www.firewatchgame.com/images/laurel_left.png]
[www.firewatchgame.com/images/laurel_right.png]
[www.firewatchgame.com/images/storelink_steam.png]
[www.firewatchgame.com/images/storelink_gog.png]
[www.firewatchgame.com/images/storelink_psn.png]
[www.firewatchgame.com/images/storelink_xbone.png]
[www.firewatchgame.com/images/merchlink_transparent.png]
[www.firewatchgame.com/images/firewatch_shield_small.png]
[www.firewatchgame.com/images/logo_camposanto_transparent.png]
[www.firewatchgame.com/css/firewatchlaunch.css]
[www.camposanto.com/css/camponav.css]
[www.firewatchgame.com/css/magnific-popup.css]
[www.firewatchgame.com/fonts/811777/DAC09D58841226C6C.css]
[www.firewatchgame.com/images/logo_panic_transparent.png]
[www.firewatchgame.com/media/images/appicon.png]
[www.firewatchgame.com/css/firewatchlaunchadd3.css]
[www.firewatchgame.com/screenshots/firewatch-e3-6.jpg]
[www.firewatchgame.com/screenshots/thumbs/firewatch_05.jpg]
[www.firewatchgame.com/screenshots/firewatch-e3-4.jpg]
[www.firewatchgame.com/fonts/418345/08D09707B68B2F0FD.css]
[www.firewatchgame.com/screenshots/thumbs/firewatch_06.jpg]
[www.firewatchgame.com/screenshots/thumbs/firewatch_07.jpg]
[www.firewatchgame.com/screenshots/firewatch-e3-1.jpg]
[www.firewatchgame.com/screenshots/thumbs/firewatch_08.jpg]
[www.firewatchgame.com/screenshots/Bear-Tree-Approach-3.jpg]
[www.firewatchgame.com/screenshots/thumbs/firewatch_09.jpg]
[www.firewatchgame.com/screenshots/thumbs/firewatch_10.jpg]
[www.firewatchgame.com/about/about_feature_02@2x.jpg]
[www.firewatchgame.com/screenshots/thumbs/firewatch_11.jpg]
[code.jquery.com/jquery-1.12.0.min.js]
[code.jquery.com/jquery-migrate-1.2.1.min.js]
[www.firewatchgame.com/media/index.html]
[www.firewatchgame.com/about/images/appicon.57.delayed]
[www.firewatchgame.com/about/about_feature_01.jpg]
[www.firewatchgame.com/about/about_feature_02.jpg]
[www.firewatchgame.com/about/about_feature_03.jpg]
[www.firewatchgame.com/screenshots/firewatch_150305_01.png]
[www.firewatchgame.com/media/Firewatch Audio Tour 1.0.pdf]
[www.firewatchgame.com/about/index.html]
[www.firewatchgame.com/screenshots/firewatch_150305_05.png]
[d1l6p2sc9645hc.cloudfront.net/tracker.js]
[www.firewatchgame.com/jp/media/index.html]
[www.firewatchgame.com/jp/index.html]
[www.firewatchgame.com/media/images/appicon.html]
[www.firewatchgame.com/css/firewatchlaunchadd3.css]
[www.firewatchgame.com/fonts/418345/08D09707B68B2F0FD.css]
[www.firewatchgame.com/about/images/appicon.html]
[www.firewatchgame.com/jp/about/index.html]
[www.firewatchgame.com/jp/js/magnific.60.delayed]
[www.firewatchgame.com/jp/media/index.html]
[www.firewatchgame.com/jp/images/appicon.png]
[www.firewatchgame.com/jp/about/images/appicon.png]
[www.firewatchgame.com/jp/about/about_feature_01.jpg]
[www.firewatchgame.com/jp/about/about_feature_02.jpg]
[www.firewatchgame.com/jp/about/about_feature_03.jpg]
[www.firewatchgame.com/jp/about/index.html]
[www.firewatchgame.com/jp/images/appicon.png]
[www.firewatchgame.com/jp/js/magnific.html]
[www.firewatchgame.com/jp/about/images/appicon.html]
